K=2: conv=True, LL=-2927.59, AIC=5877.18, BIC=5932.85, entropy=0.5998, min_N=295, sizes=[871, 295]
K=3: conv=True, LL=-2893.29, AIC=5820.59, BIC=5906.63, entropy=0.6111, min_N=88, sizes=[758, 320, 88]
K=4: conv=True, LL=-2247.32, AIC=4540.64, BIC=4657.05, entropy=0.4236, min_N=124, sizes=[124, 487, 169, 386]
K=5: conv=True, LL=-2214.32, AIC=4486.64, BIC=4633.42, entropy=0.3416, min_N=56, sizes=[598, 211, 124, 177, 56]
K=6: conv=True, LL=-941.01, AIC=1952.03, BIC=2129.17, entropy=0.1418, min_N=54, sizes=[124, 377, 262, 90, 54, 259]
K=7: conv=True, LL=-663.25, AIC=1408.51, BIC=1616.02, entropy=0.0991, min_N=70, sizes=[281, 125, 108, 264, 245, 70, 73]
K=8: conv=True, LL=2141.47, AIC=-4188.93, BIC=-3951.05, entropy=0.0185, min_N=68, sizes=[124, 116, 128, 259, 185, 68, 155, 131]
K=9: conv=True, LL=2160.47, AIC=-4214.94, BIC=-3946.69, entropy=0.0208, min_N=17, sizes=[185, 130, 259, 49, 116, 155, 17, 131, 124]
K=10: conv=True, LL=2861.03, AIC=-5604.06, BIC=-5305.44, entropy=0.0003, min_N=10, sizes=[131, 94, 116, 259, 185, 10, 49, 43, 155, 124]

======================================================================
TASK 1 — K=2..10 EXTENDED MODEL COMPARISON (full covariance)
======================================================================
 K  log_likelihood  n_params          AIC          BIC  entropy  min_class_N
 2    -2927.589537        11  5877.179075  5932.853753 0.599786          295
 3    -2893.294339        17  5820.588679  5906.631363 0.611082           88
 4    -2247.322134        23  4540.644268  4657.054959 0.423645          124
 5    -2214.319855        29  4486.639711  4633.418407 0.341625           56
 6     -941.013370        35  1952.026740  2129.173443 0.141850           54
 7     -663.254246        41  1408.508491  1616.023200 0.099126           70
 8     2141.466724        47 -4188.933448 -3951.050732 0.018533           68
 9     2160.469328        53 -4214.938657 -3946.687935 0.020814           17
10     2861.031143        59 -5604.062286 -5305.443559 0.000325           10

Minimum BIC at K = 10, BIC = -5305.44
Minimum AIC at K = 10, AIC = -5604.06
K=6 reference: BIC = 2129.17, AIC = 1952.03, LL = -941.01

Saved: results/paper1_strengthening/k_extended_model_comparison.csv
  results/paper1_strengthening/task1_K_2/profile_parameters.csv + covariance_matrices.json — OK
  results/paper1_strengthening/task1_K_3/profile_parameters.csv + covariance_matrices.json — OK
  results/paper1_strengthening/task1_K_4/profile_parameters.csv + covariance_matrices.json — OK
  results/paper1_strengthening/task1_K_5/profile_parameters.csv + covariance_matrices.json — OK
  results/paper1_strengthening/task1_K_6/profile_parameters.csv + covariance_matrices.json — OK
  results/paper1_strengthening/task1_K_7/profile_parameters.csv + covariance_matrices.json — OK
  results/paper1_strengthening/task1_K_8/profile_parameters.csv + covariance_matrices.json — OK
  results/paper1_strengthening/task1_K_9/profile_parameters.csv + covariance_matrices.json — OK
  results/paper1_strengthening/task1_K_10/profile_parameters.csv + covariance_matrices.json — OK
