======================================================================
TASK 6 — PearON r VERIFICATION (scipy.stats.pearsonr)
======================================================================
Frozen: r=0.6514575831525611, p=8.833e-142, N=1166, 95% CI=[0.6171288762815663, 0.6833111033615757]

Data: data.xls, N_data=1166
Cronbach alpha: INT=0.7823, BE=0.7480
Saved construct scores: results/02_measurement/construct_scores.csv, N=1166

  [data.xls_construct_means]
    N = 1166
    r = 0.651458  (frozen 0.6514575831525611)
    p = 8.832882e-142  (frozen 8.832882e-142)
    95% CI (Fisher) = [0.6171, 0.6833]  (frozen [0.6171288762815663, 0.6833111033615757)
    covariance = 0.375738
    MATCH frozen? True

  [saved_construct_scores]
    N = 1166
    r = 0.651458  (frozen 0.6514575831525611)
    p = 8.832882e-142  (frozen 8.832882e-142)
    95% CI (Fisher) = [0.6171, 0.6833]  (frozen [0.6171288762815663, 0.6833111033615757)
    covariance = 0.375738
    MATCH frozen? True

Saved: results/paper1_strengthening/pearson_verification.csv
VERDICT: FROZEN r=0.651458, p=8.833e-142, CI[0.6171,0.6833] — VERIFIED (recomputed matches).
