  covariance=full ...
  covariance=diag ...
  covariance=spherical ...
  representation=mean ...
  representation=factor ...
  seed=1 ...
  seed=2 ...
  seed=3 ...
  seed=4 ...
  seed=5 ...
============================================================
PHASE 17 — ALTERNATIVE MODEL VALIDATION COMPLETE
============================================================

Master summary:
       specification          BIC          AIC  entropy  total_matching_distance
        reference_K7  1616.023200  1408.508491 0.099126                 0.000000
     covariance_full 17479.632186 15146.357043 0.065256                 2.986660
     covariance_diag 19886.525995 19147.571178 0.031017                 2.545760
covariance_spherical 24495.110684 24075.019931 0.147687                 2.166158
         mean_scores  1616.023200  1408.508491 0.099126                 0.000000
       factor_scores  3161.541547  2954.026838 0.202013                 2.711458
              seed_1   881.356498   673.841789 0.045148                 3.336492
              seed_2   858.614232   651.099523 0.099326                 2.302960
              seed_3   553.480705   345.965996 0.076154                 1.899429
              seed_4   569.811497   362.296788 0.102846                 3.017584
              seed_5  1627.661547  1420.146838 0.137239                 1.093590

Outputs:
  results/17_alternative_model_validation/reference_K7.csv — OK
  results/17_alternative_model_validation/reference_K7_profiles.csv — OK
  results/17_alternative_model_validation/covariance_sensitivity.csv — OK
  results/17_alternative_model_validation/score_representation_sensitivity.csv — OK
  results/17_alternative_model_validation/seed_sensitivity.csv — OK
  results/17_alternative_model_validation/gap_direction_sensitivity.csv — OK
  results/17_alternative_model_validation/profile_matching_sensitivity.csv — OK
  results/17_alternative_model_validation/phase17_master.csv — OK
  results/17_alternative_model_validation/README.md — OK
