Primary K (from results/05_lpa_selection/selected_model.csv): K = 7
======================================================================
TASK 3 — DUPLICATE-ROW SENSITIVITY (N_unique = 1124, K = 7)
======================================================================
Full sample: N = 1166 (42 duplicates identified, N_unique = 1124)

INT-BE correlation (unique sample):
  r = 0.654410   (frozen 0.6514575831525611)
  p = 2.248903e-138  (frozen 8.832882449485395e-142)
  95% CI = [0.6196, 0.6866]  (frozen [0.6171288762815663, 0.6833111033615757])
  cov = 0.378193

GAP (unique sample):
  mean: -5.689399129751692e-17
  SD: 0.8313720754383711
  median: -0.1153682810840323
  min: -3.523344728372116
  max: 2.815445975076216
  n_INT_gt_BE: 507
  n_BE_gt_INT: 617
  n_eq: 0
  pct_INT_gt_BE: 45.1067615658363
  pct_BE_gt_INT: 54.893238434163706

K=7 LPA (unique sample, full covariance, n_init=1000, seed=42):
  converged: True
  n_iter: 18
  log_likelihood: -176.08009967805745
  AIC: 434.1601993561149
  BIC: 640.170809604714
  entropy: 0.12365877249606808
  n_params: 41
  class_sizes: [215, 180, 236, 104, 67, 159, 163]
  min_class_N: 67
  mean_max_posterior: 0.893029939789394
  pct_post_lt_0_70: 16.548042704626333

Per-profile (unique sample):
 profile   N  mean_INT  mean_BE  mean_INT_minus_BE  mean_z_INT  mean_z_BE  mean_gap
       0 215  3.062016 3.317442          -0.255426   -1.088169  -0.622245 -0.465924
       1 180  4.801852 4.062500           0.739352    1.182192   0.365718  0.816474
       2 236  4.000000 3.827331           0.172669    0.135833   0.053878  0.081955
       3 104  4.612179 5.000000          -0.387821    0.934683   1.608862 -0.674179
       4  67  2.203980 2.227612          -0.023632   -2.207843  -2.067382 -0.140461
       5 159  3.639413 3.707547          -0.068134   -0.334707  -0.104957 -0.229749
       6 163  4.333333 3.986196           0.347137    0.570809   0.264537  0.306272

Per-metric match (frozen vs unique):
               metric        frozen  unique_sample                  match
        N_full_sample  1.166000e+03   1.166000e+03                   True
 n_duplicates_removed  4.200000e+01   4.200000e+01                   True
      N_unique_sample  1.124000e+03   1.124000e+03                   True
     pearson_r_INT_BE  6.514576e-01   6.544102e-01                  False
     pearson_p_INT_BE 8.832882e-142  2.248903e-138    loose (different N)
   pearson_CI95_lower  6.171289e-01   6.196488e-01                   True
   pearson_CI95_upper  6.833111e-01   6.866095e-01                   True
             gap_mean -4.875079e-16  -5.689399e-17                   True
               gap_SD  8.349161e-01   8.313721e-01                   True
        pct_INT_gt_BE  4.493997e+01   4.510676e+01                   True
        pct_BE_gt_INT  5.506003e+01   5.489324e+01                   True
               K7_BIC  1.616023e+03   6.401708e+02                  False
    K7_log_likelihood -6.632542e+02  -1.760801e+02                  False
           K7_entropy  9.912566e-02   1.236588e-01                   True
       K7_min_class_N  7.000000e+01   6.700000e+01 compare profile tables
K7_mean_max_posterior  9.105387e-01   8.930299e-01                   True

Saved: results/paper1_strengthening/duplicate_sensitivity.csv
Saved: results/paper1_strengthening/duplicate_sensitivity_profiles.csv
