  bootstrap 25/200 done (25 converged)
  bootstrap 50/200 done (50 converged)
  bootstrap 75/200 done (75 converged)
  bootstrap 100/200 done (100 converged)
  bootstrap 125/200 done (125 converged)
  bootstrap 150/200 done (150 converged)
  bootstrap 175/200 done (175 converged)
  bootstrap 200/200 done (200 converged)
============================================================
PHASE 14 — K=7 STABILITY COMPLETE
============================================================
B = 200, successful = 200
Original: LL = -663.25, BIC = 1616.02

Profile stability (matched across bootstraps):
 profile  mean_matched_N  SD_matched_N  mean_zINT_minus_zBE  SD_zINT_minus_zBE
       0         227.425     80.961958             0.245900           0.582033
       1         152.750     87.350605            -0.475464           0.621294
       2          94.300     40.004648            -0.642191           0.601060
       3         183.265     85.879048            -0.421025           0.539255
       4         233.705     45.784924            -0.019195           0.176477
       5          89.930     45.524471            -0.289819           0.473623
       6         184.625     96.893115             0.477792           0.372374

Configuration stability:
 profile  n_bootstraps  n_INT_gt_BE  n_BE_gt_INT  n_exactly_equal  pct_INT_gt_BE  pct_BE_gt_INT
       0           200          176           24                0           88.0           12.0
       1           200           29          171                0           14.5           85.5
       2           200           23          177                0           11.5           88.5
       3           200           13          187                0            6.5           93.5
       4           200          113           87                0           56.5           43.5
       5           200           22          178                0           11.0           89.0
       6           200          176           24                0           88.0           12.0

Split-sample matching cost: 4.1446

Outputs:
  results/14_k6_stability/bootstrap_results.csv — OK
  results/14_k6_stability/profile_stability.csv — OK
  results/14_k6_stability/configuration_stability.csv — OK
  results/14_k6_stability/split_sample_results.csv — OK
  results/14_k6_stability/split_sample_matching.csv — OK
  results/14_k6_stability/boundary_diagnostics.csv — OK
  results/14_k6_stability/k6_stability_master.csv — OK
  results/14_k6_stability/README.md — OK
