============================================================
PHASE 15 — PROFILE STRUCTURE COMPARISON COMPLETE
============================================================

Profile structure (all K):
 K  profile   N  percentage  mean_INT  mean_BE  INT_minus_BE
 2        0 871   74.699828  4.235362 4.053387      0.181975
 2        1 295   25.300172  2.874576 3.006780     -0.132203
 3        0 758   65.008576  4.334213 4.054090      0.280123
 3        1 320   27.444254  3.048958 3.028125      0.020833
 3        2  88    7.547170  3.136364 4.267045     -1.130682
 4        0 124   10.634648  5.000000 4.465726      0.534274
 4        1 487   41.766724  3.721424 3.617556      0.103867
 4        2 169   14.493997  2.674556 2.605030      0.069527
 4        3 386   33.104631  4.281520 4.305052     -0.023532
 5        0 598   51.286449  4.142140 3.986204      0.155936
 5        1 211   18.096055  3.409163 3.454976     -0.045814
 5        2 124   10.634648  5.000000 4.465726      0.534274
 5        3 177   15.180103  2.726930 2.661017      0.065913
 5        4  56    4.802744  4.250000 5.000000     -0.750000
 6        0 124   10.634648  5.000000 4.465726      0.534274
 6        1 377   32.332762  3.336870 3.559682     -0.222812
 6        2 262   22.469983  4.478372 3.957061      0.521310
 6        3  90    7.718696  2.333333 2.344444     -0.011111
 6        4  54    4.631218  4.438272 4.912037     -0.473765
 6        5 259   22.212693  4.000000 3.894788      0.105212
 7        0 281   24.099485  4.468565 4.010676      0.457888
 7        1 125   10.720412  2.896000 2.978000     -0.082000
 7        2 108    9.262436  4.592593 5.000000     -0.407407
 7        3 264   22.641509  3.523990 3.596591     -0.072601
 7        4 245   21.012007  4.000000 3.831633      0.168367
 7        5  70    6.003431  2.114286 2.732143     -0.617857
 7        6  73    6.260720  5.000000 4.092466      0.907534

Gap information by K:
 K  n_profiles  n_INT_gt_BE  n_BE_gt_INT  min_INT_minus_BE  max_INT_minus_BE  range_INT_minus_BE  variance_INT_minus_BE_means
 2           2            1            1         -0.132203          0.181975            0.314178                     0.049354
 3           3            2            1         -1.130682          0.280123            1.410805                     0.563931
 4           4            3            1         -0.023532          0.534274            0.557806                     0.061538
 5           5            3            2         -0.750000          0.534274            1.284274                     0.219598
 6           6            3            3         -0.473765          0.534274            1.008040                     0.161657
 7           7            3            4         -0.617857          0.907534            1.525391                     0.267243

Profile splitting:
 K_low  K_high  low_profile  n_high_profiles_matched high_profiles  split
     2       3            0                        2        [0, 2]   True
     2       3            1                        1           [1]  False
     3       4            0                        2        [0, 3]   True
     3       4            1                        1           [2]  False
     3       4            2                        1           [1]  False
     4       5            0                        1           [2]  False
     4       5            1                        1           [1]  False
     4       5            2                        1           [3]  False
     4       5            3                        2        [0, 4]   True
     5       6            0                        2        [2, 5]   True
     5       6            1                        1           [1]  False
     5       6            2                        1           [0]  False
     5       6            3                        1           [3]  False
     5       6            4                        1           [4]  False
     6       7            0                        1           [6]  False
     6       7            1                        2        [1, 3]   True
     6       7            2                        1           [0]  False
     6       7            3                        1           [5]  False
     6       7            4                        1           [2]  False
     6       7            5                        1           [4]  False

Outputs:
  results/15_profile_structure_comparison/all_k_profile_structure.csv — OK
  results/15_profile_structure_comparison/all_k_gap_configuration.csv — OK
  results/15_profile_structure_comparison/profile_split_comparison.csv — OK
  results/15_profile_structure_comparison/gap_information_by_k.csv — OK
  results/15_profile_structure_comparison/profile_size_by_k.csv — OK
  results/15_profile_structure_comparison/boundary_by_k.csv — OK
  results/15_profile_structure_comparison/model_fit_summary.csv — OK
  results/15_profile_structure_comparison/phase15_master.csv — OK
  results/15_profile_structure_comparison/README.md — OK
