/home/franki/.local/lib/python3.14/site-packages/scipy/stats/_axis_nan_policy.py:601: RuntimeWarning: Precision loss occurred in moment calculation due to catastrophic cancellation. This occurs when the data are nearly identical. Results may be unreliable.
  res = hypotest_fun_out(*samples, **kwds)
============================================================
PHASE 06 — PROFILE CHARACTERIZATION COMPLETE
============================================================
Selected K = 7

Profile sizes:
 profile   N  percentage
       0 281   24.099485
       1 125   10.720412
       2 108    9.262436
       3 264   22.641509
       4 245   21.012007
       5  70    6.003431
       6  73    6.260720

Profile means (INT, BE):
 profile   N  INT_mean   INT_SD  BE_mean    BE_SD
       0 281  4.468565 0.163967 4.010676 0.497648
       1 125  2.896000 0.155058 2.978000 0.473082
       2 108  4.592593 0.487291 5.000000 0.000000
       3 264  3.523990 0.165244 3.596591 0.530574
       4 245  4.000000 0.000000 3.831633 0.443497
       5  70  2.114286 0.519772 2.732143 1.046320
       6  73  5.000000 0.000000 4.092466 0.502609

Gap-profile check:
 profile   N  INT_mean  BE_mean  raw_gap_INT_minus_BE     z_INT      z_BE  standardized_gap         pattern
       0 281  4.468565 4.010676              0.457888  0.754978  0.294524          0.460454 HIGH_INT_LOW_BE
       1 125  2.896000 2.978000             -0.082000 -1.300926 -1.075003         -0.225923 LOW_INT_HIGH_BE
       2 108  4.592593 5.000000             -0.407407  0.917127  1.606559         -0.689431 LOW_INT_HIGH_BE
       3 264  3.523990 3.596591             -0.072601 -0.479919 -0.254632         -0.225286 LOW_INT_HIGH_BE
       4 245  4.000000 3.831633              0.168367  0.142397  0.057078          0.085318        BALANCED
       5  70  2.114286 2.732143             -0.617857 -2.322907 -1.401057         -0.921849 LOW_INT_HIGH_BE
       6  73  5.000000 4.092466              0.907534  1.449754  0.402993          1.046761 HIGH_INT_LOW_BE

Key outputs:
  results/06_profile_analysis/profile_sizes.csv — OK
  results/06_profile_analysis/profile_means.csv — OK
  results/06_profile_analysis/profile_comparisons.csv — OK
  results/06_profile_analysis/profile_effect_sizes.csv — OK
  results/06_profile_analysis/gap_profile_check.csv — OK
