============================================================
PHASE 19 — FINAL NUMERICAL AUDIT AND RESULTS FREEZE COMPLETE
============================================================
Overall status: PASS
PASS: 13, FAIL: 0, Total checks: 13

Outputs:
  results/19_final_audit/data_audit.csv — OK
  results/19_final_audit/measurement_audit.csv — OK
  results/19_final_audit/gap_audit.csv — OK
  results/19_final_audit/lpa_model_audit.csv — OK
  results/19_final_audit/k6_profile_audit.csv — OK
  results/19_final_audit/classification_audit.csv — OK
  results/19_final_audit/stability_audit.csv — OK
  results/19_final_audit/structure_audit.csv — OK
  results/19_final_audit/gap_validation_audit.csv — OK
  results/19_final_audit/alternative_model_audit.csv — OK
  results/19_final_audit/predictor_audit.csv — OK
  results/19_final_audit/multicollinearity_audit.csv — OK
  results/19_final_audit/cross_phase_consistency.csv — OK
  results/19_final_audit/final_evidence.csv — OK
  results/19_final_audit/final_results_manifest.csv — OK
  results/19_final_audit/final_audit_summary.csv — OK
  results/19_final_audit/README.md — OK
