============================================================
PHASE 18 — PROFILE PREDICTOR ANALYSIS COMPLETE
============================================================
N = 1166, K = 7 (frozen), reference profile = 0
Predictors (13): ['ATT', 'CON', 'SNO', 'COVID', 'PU', 'PEU', 'PO', 'PRI', 'age', 'gender', 'Education', 'Occupation', 'income']
Converged: True
Log-likelihood: -1480.3265
AIC: 3128.6531
BIC: 3553.8052
McFadden pseudo-R2: 0.2982
Max VIF: 67.4422
Condition number: 270.9791
Total tests: 78
FDR significant (p_FDR < 0.05): 19

Predictor summary:
 predictor  n_significant_contrasts    min_raw_p    min_FDR_p  largest_abs_beta  largest_OR  smallest_OR
       ATT                        2 6.247387e-03 2.707201e-02          0.890254    1.043798     0.410552
       CON                        0 8.591954e-02 2.233908e-01          0.517837    1.678393     0.794883
       SNO                        4 2.039029e-10 5.301476e-09          2.459771    2.343260     0.085455
     COVID                        0 8.424887e-02 2.233908e-01          0.493861    1.528608     0.610266
        PU                        4 5.768361e-10 1.124830e-08          2.597892    6.026172     0.074430
       PEU                        4 1.018443e-04 6.110657e-04          0.919194    1.122763     0.398840
        PO                        0 8.272680e-02 2.233908e-01          0.534146    1.705991     0.761040
       PRI                        5 2.352577e-14 1.835010e-12          2.174047    7.428821     0.113716
       age                        0 5.668218e-02 1.700465e-01          0.063550    1.025700     0.938428
    gender                        0 1.509181e-01 3.473090e-01          0.419319    0.981143     0.657495
 Education                        0 9.754163e-02 2.454273e-01          0.326906    1.118991     0.721151
Occupation                        0 1.330843e-02 5.190287e-02          0.186234    1.204704     0.900672
    income                        0 3.526444e-02 1.100250e-01          0.225692    1.253190     0.982054

Profile outcome summary:
 profile   N  percentage  is_reference
       0 281   24.099485          True
       1 125   10.720412         False
       2 108    9.262436         False
       3 264   22.641509         False
       4 245   21.012007         False
       5  70    6.003431         False
       6  73    6.260720         False

Outputs:
  results/18_profile_predictors/multinomial_results.csv — OK
  results/18_profile_predictors/predictor_summary.csv — OK
  results/18_profile_predictors/model_diagnostics.csv — OK
  results/18_profile_predictors/predictor_vif.csv — OK
  results/18_profile_predictors/profile_outcome_summary.csv — OK
  results/18_profile_predictors/phase18_master.csv — OK
  results/18_profile_predictors/README.md — OK
