======================================================================
TASK 3 — DUPLICATE-ROW SENSITIVITY (N_unique = 1124)
======================================================================
Full sample: N = 1166 (42 duplicates identified, N_unique = 1124)

INT-BE correlation (unique sample):
  r = 0.654410   (frozen 0.651458)
  p = 2.248903e-138  (frozen 8.83e-142)
  95% CI = [0.6196, 0.6866]  (frozen [0.6171, 0.6833])
  cov = 0.378193

GAP (unique sample):
  mean: -5.689399129751692e-17
  SD: 0.8313720754383711
  median: -0.1153682810840323
  min: -3.523344728372116
  max: 2.815445975076216
  n_INT_gt_BE: 507
  n_BE_gt_INT: 617
  n_eq: 0
  pct_INT_gt_BE: 45.1067615658363
  pct_BE_gt_INT: 54.893238434163706

K=6 LPA (unique sample, full covariance, n_init=1000, seed=42):
  converged: True
  n_iter: 47
  log_likelihood: -887.812820043752
  AIC: 1845.625640087504
  BIC: 2021.4883561533813
  entropy: 1.1494363069050002
  n_params: 35
  class_sizes: [124, 324, 124, 239, 248, 65]
  min_class_N: 65
  mean_max_posterior: 0.8848007710462563
  pct_post_lt_0_70: 14.323843416370108

Per-profile (unique sample):
 profile   N  mean_INT  mean_BE  mean_INT_minus_BE  mean_z_INT  mean_z_BE  mean_gap
       0 124  5.000000 4.465726           0.534274    1.440761   0.900403  0.540358
       1 324  3.376543 3.614969          -0.238426   -0.677733  -0.227718 -0.450015
       2 124  2.537634 2.546371          -0.008737   -1.772448  -1.644701 -0.127747
       3 239  4.464435 3.912134           0.552301    0.741888   0.166329  0.575559
       4 248  4.000000 3.884073           0.115927    0.135833   0.129119  0.006714
       5  65  4.482051 4.880769          -0.398718    0.764875   1.450760 -0.685884

Per-metric match (frozen vs unique):
               metric        frozen  unique_sample                  match
        N_full_sample  1.166000e+03   1.166000e+03                   True
 n_duplicates_removed  4.200000e+01   4.200000e+01                   True
      N_unique_sample  1.124000e+03   1.124000e+03                   True
     pearson_r_INT_BE  6.514580e-01   6.544102e-01                  False
     pearson_p_INT_BE 8.830000e-142  2.248903e-138    loose (different N)
   pearson_CI95_lower  6.171000e-01   6.196488e-01                   True
   pearson_CI95_upper  6.833000e-01   6.866095e-01                   True
             gap_mean -4.875000e-16  -5.689399e-17                   True
               gap_SD  8.349160e-01   8.313721e-01                   True
        pct_INT_gt_BE  4.494000e+01   4.510676e+01                   True
        pct_BE_gt_INT  5.506000e+01   5.489324e+01                   True
               K6_BIC  2.129170e+03   2.021488e+03                  False
    K6_log_likelihood -9.410100e+02  -8.878128e+02                  False
           K6_entropy  1.141800e+00   1.149436e+00                   True
       K6_min_class_N  5.400000e+01   6.500000e+01 compare profile tables
K6_mean_max_posterior  8.917000e-01   8.848008e-01                   True

Saved: results/paper1_strengthening/duplicate_sensitivity.csv
Saved: results/paper1_strengthening/duplicate_sensitivity_profiles.csv
